Copyright 1986-2017 Xilinx, Inc. All Rights Reserved.
------------------------------------------------------------------------------------
| Tool Version : Vivado v.2017.2 (lin64) Build 1909853 Thu Jun 15 18:39:10 MDT 2017
| Date         : Fri Oct  2 08:16:58 2026
| Host         : X1Gen13 running 64-bit Ubuntu 16.04.7 LTS
| Command      : report_utilization -file out/post_route_util.rpt
| Design       : red_pitaya_top
| Device       : 7z010clg400-1
| Design State : Routed
------------------------------------------------------------------------------------

Utilization Design Information

Table of Contents
-----------------
1. Slice Logic
1.1 Summary of Registers by Type
2. Slice Logic Distribution
3. Memory
4. DSP
5. IO and GT Specific
6. Clocking
7. Specific Feature
8. Primitives
9. Black Boxes
10. Instantiated Netlists

1. Slice Logic
--------------

+----------------------------+-------+-------+-----------+-------+
|          Site Type         |  Used | Fixed | Available | Util% |
+----------------------------+-------+-------+-----------+-------+
| Slice LUTs                 |  9176 |     0 |     17600 | 52.14 |
|   LUT as Logic             |  9003 |     0 |     17600 | 51.15 |
|   LUT as Memory            |   173 |     0 |      6000 |  2.88 |
|     LUT as Distributed RAM |   160 |     0 |           |       |
|     LUT as Shift Register  |    13 |     0 |           |       |
| Slice Registers            | 10444 |     0 |     35200 | 29.67 |
|   Register as Flip Flop    | 10444 |     0 |     35200 | 29.67 |
|   Register as Latch        |     0 |     0 |     35200 |  0.00 |
| F7 Muxes                   |   293 |     0 |      8800 |  3.33 |
| F8 Muxes                   |    48 |     0 |      4400 |  1.09 |
+----------------------------+-------+-------+-----------+-------+


1.1 Summary of Registers by Type
--------------------------------

+-------+--------------+-------------+--------------+
| Total | Clock Enable | Synchronous | Asynchronous |
+-------+--------------+-------------+--------------+
| 0     |            _ |           - |            - |
| 0     |            _ |           - |          Set |
| 0     |            _ |           - |        Reset |
| 0     |            _ |         Set |            - |
| 0     |            _ |       Reset |            - |
| 0     |          Yes |           - |            - |
| 0     |          Yes |           - |          Set |
| 6     |          Yes |           - |        Reset |
| 450   |          Yes |         Set |            - |
| 10020 |          Yes |       Reset |            - |
+-------+--------------+-------------+--------------+


2. Slice Logic Distribution
---------------------------

+-------------------------------------------+------+-------+-----------+-------+
|                 Site Type                 | Used | Fixed | Available | Util% |
+-------------------------------------------+------+-------+-----------+-------+
| Slice                                     | 3525 |     0 |      4400 | 80.11 |
|   SLICEL                                  | 2301 |     0 |           |       |
|   SLICEM                                  | 1224 |     0 |           |       |
| LUT as Logic                              | 9003 |     0 |     17600 | 51.15 |
|   using O5 output only                    |   23 |       |           |       |
|   using O6 output only                    | 6832 |       |           |       |
|   using O5 and O6                         | 2148 |       |           |       |
| LUT as Memory                             |  173 |     0 |      6000 |  2.88 |
|   LUT as Distributed RAM                  |  160 |     0 |           |       |
|     using O5 output only                  |    0 |       |           |       |
|     using O6 output only                  |    0 |       |           |       |
|     using O5 and O6                       |  160 |       |           |       |
|   LUT as Shift Register                   |   13 |     0 |           |       |
|     using O5 output only                  |    1 |       |           |       |
|     using O6 output only                  |   12 |       |           |       |
|     using O5 and O6                       |    0 |       |           |       |
| LUT Flip Flop Pairs                       | 3362 |     0 |     17600 | 19.10 |
|   fully used LUT-FF pairs                 |  738 |       |           |       |
|   LUT-FF pairs with one unused LUT output | 2129 |       |           |       |
|   LUT-FF pairs with one unused Flip Flop  | 2497 |       |           |       |
| Unique Control Sets                       |  460 |       |           |       |
+-------------------------------------------+------+-------+-----------+-------+
* Note: Review the Control Sets Report for more information regarding control sets.


3. Memory
---------

+-------------------+------+-------+-----------+-------+
|     Site Type     | Used | Fixed | Available | Util% |
+-------------------+------+-------+-----------+-------+
| Block RAM Tile    |   30 |     0 |        60 | 50.00 |
|   RAMB36/FIFO*    |   30 |     0 |        60 | 50.00 |
|     RAMB36E1 only |   30 |       |           |       |
|   RAMB18          |    0 |     0 |       120 |  0.00 |
+-------------------+------+-------+-----------+-------+
* Note: Each Block RAM Tile only has one FIFO logic available and therefore can accommodate only one FIFO36E1 or one FIFO18E1. However, if a FIFO18E1 occupies a Block RAM Tile, that tile can still accommodate a RAMB18E1


4. DSP
------

+----------------+------+-------+-----------+-------+
|    Site Type   | Used | Fixed | Available | Util% |
+----------------+------+-------+-----------+-------+
| DSPs           |   58 |     0 |        80 | 72.50 |
|   DSP48E1 only |   58 |       |           |       |
+----------------+------+-------+-----------+-------+


5. IO and GT Specific
---------------------

+-----------------------------+------+-------+-----------+--------+
|          Site Type          | Used | Fixed | Available |  Util% |
+-----------------------------+------+-------+-----------+--------+
| Bonded IOB                  |   91 |    91 |       100 |  91.00 |
|   IOB Master Pads           |   43 |       |           |        |
|   IOB Slave Pads            |   44 |       |           |        |
|   IOB Flip Flops            |   32 |    32 |           |        |
| Bonded IPADs                |    2 |     2 |         2 | 100.00 |
| Bonded IOPADs               |  130 |   130 |       130 | 100.00 |
| PHY_CONTROL                 |    0 |     0 |         2 |   0.00 |
| PHASER_REF                  |    0 |     0 |         2 |   0.00 |
| OUT_FIFO                    |    0 |     0 |         8 |   0.00 |
| IN_FIFO                     |    0 |     0 |         8 |   0.00 |
| IDELAYCTRL                  |    0 |     0 |         2 |   0.00 |
| IBUFDS                      |    1 |     1 |        96 |   1.04 |
| PHASER_OUT/PHASER_OUT_PHY   |    0 |     0 |         8 |   0.00 |
| PHASER_IN/PHASER_IN_PHY     |    0 |     0 |         8 |   0.00 |
| IDELAYE2/IDELAYE2_FINEDELAY |    0 |     0 |       100 |   0.00 |
| ILOGIC                      |   28 |    28 |       100 |  28.00 |
|   IFF_Register              |   28 |    28 |           |        |
| OLOGIC                      |   22 |    22 |       100 |  22.00 |
|   OUTFF_Register            |    4 |     4 |           |        |
|   OUTFF_ODDR_Register       |   18 |    18 |           |        |
+-----------------------------+------+-------+-----------+--------+


6. Clocking
-----------

+------------+------+-------+-----------+-------+
|  Site Type | Used | Fixed | Available | Util% |
+------------+------+-------+-----------+-------+
| BUFGCTRL   |    6 |     0 |        32 | 18.75 |
| BUFIO      |    0 |     0 |         8 |  0.00 |
| MMCME2_ADV |    0 |     0 |         2 |  0.00 |
| PLLE2_ADV  |    1 |     0 |         2 | 50.00 |
| BUFMRCE    |    0 |     0 |         4 |  0.00 |
| BUFHCE     |    0 |     0 |        48 |  0.00 |
| BUFR       |    0 |     0 |         8 |  0.00 |
+------------+------+-------+-----------+-------+


7. Specific Feature
-------------------

+-------------+------+-------+-----------+--------+
|  Site Type  | Used | Fixed | Available |  Util% |
+-------------+------+-------+-----------+--------+
| BSCANE2     |    0 |     0 |         4 |   0.00 |
| CAPTUREE2   |    0 |     0 |         1 |   0.00 |
| DNA_PORT    |    1 |     0 |         1 | 100.00 |
| EFUSE_USR   |    0 |     0 |         1 |   0.00 |
| FRAME_ECCE2 |    0 |     0 |         1 |   0.00 |
| ICAPE2      |    0 |     0 |         2 |   0.00 |
| STARTUPE2   |    0 |     0 |         1 |   0.00 |
| XADC        |    1 |     1 |         1 | 100.00 |
+-------------+------+-------+-----------+--------+


8. Primitives
-------------

+-----------+-------+----------------------+
|  Ref Name |  Used |  Functional Category |
+-----------+-------+----------------------+
| FDRE      | 10020 |         Flop & Latch |
| LUT6      |  2475 |                  LUT |
| LUT2      |  2211 |                  LUT |
| LUT5      |  1937 |                  LUT |
| LUT3      |  1931 |                  LUT |
| LUT4      |  1857 |                  LUT |
| CARRY4    |  1127 |           CarryLogic |
| LUT1      |   740 |                  LUT |
| FDSE      |   450 |         Flop & Latch |
| MUXF7     |   293 |                MuxFx |
| RAMD32    |   240 |   Distributed Memory |
| BIBUF     |   130 |                   IO |
| RAMS32    |    80 |   Distributed Memory |
| DSP48E1   |    58 |     Block Arithmetic |
| IBUF      |    54 |                   IO |
| MUXF8     |    48 |                MuxFx |
| RAMB36E1  |    30 |         Block Memory |
| OBUF      |    27 |                   IO |
| OBUFT     |    26 |                   IO |
| ODDR      |    18 |                   IO |
| SRL16E    |    13 |   Distributed Memory |
| FDCE      |     6 |         Flop & Latch |
| BUFG      |     6 |                Clock |
| XADC      |     1 |               Others |
| PS7       |     1 | Specialized Resource |
| PLLE2_ADV |     1 |                Clock |
| IBUFDS    |     1 |                   IO |
| DNA_PORT  |     1 |               Others |
+-----------+-------+----------------------+


9. Black Boxes
--------------

+----------+------+
| Ref Name | Used |
+----------+------+


10. Instantiated Netlists
-------------------------

+----------+------+
| Ref Name | Used |
+----------+------+


